Archive member included to satisfy reference by file (symbol)

arch/arm/cpu/armv8/cpu.o      (--whole-archive)
arch/arm/cpu/armv8/generic_timer.o
                              (--whole-archive)
arch/arm/cpu/armv8/cache_v8.o
                              (--whole-archive)
arch/arm/cpu/armv8/cache.o    (--whole-archive)
arch/arm/cpu/armv8/exceptions.o
                              (--whole-archive)
arch/arm/cpu/armv8/exception_level.o
                              (--whole-archive)
arch/arm/cpu/armv8/tlb.o      (--whole-archive)
arch/arm/cpu/armv8/transition.o
                              (--whole-archive)
arch/arm/cpu/armv8/fwcall.o   (--whole-archive)
arch/arm/cpu/armv8/cpu-dt.o   (--whole-archive)
arch/arm/lib/crt0_64.o        (--whole-archive)
arch/arm/lib/setjmp_aarch64.o
                              (--whole-archive)
arch/arm/lib/relocate_64.o    (--whole-archive)
arch/arm/lib/bootm-fdt.o      (--whole-archive)
arch/arm/lib/bootm.o          (--whole-archive)
arch/arm/lib/image.o          (--whole-archive)
arch/arm/lib/bdinfo.o         (--whole-archive)
arch/arm/lib/sections.o       (--whole-archive)
arch/arm/lib/stack.o          (--whole-archive)
arch/arm/lib/interrupts_64.o  (--whole-archive)
arch/arm/lib/reset.o          (--whole-archive)
arch/arm/lib/cache.o          (--whole-archive)
arch/arm/lib/psci-dt.o        (--whole-archive)
arch/arm/mach-bcm283x/init.o  (--whole-archive)
arch/arm/mach-bcm283x/reset.o
                              (--whole-archive)
arch/arm/mach-bcm283x/mbox.o  (--whole-archive)
arch/arm/mach-bcm283x/msg.o   (--whole-archive)
arch/arm/mach-bcm283x/phys2bus.o
                              (--whole-archive)
board/raspberrypi/rpi/rpi.o   (--whole-archive)
board/raspberrypi/rpi/lowlevel_init.o
                              (--whole-archive)
boot/bootm.o                  (--whole-archive)
boot/bootm_os.o               (--whole-archive)
boot/pxe_utils.o              (--whole-archive)
boot/image.o                  (--whole-archive)
boot/image-board.o            (--whole-archive)
boot/bootdev-uclass.o         (--whole-archive)
boot/bootflow.o               (--whole-archive)
boot/bootmeth-uclass.o        (--whole-archive)
boot/bootstd-uclass.o         (--whole-archive)
boot/bootmeth_distro.o        (--whole-archive)
boot/bootmeth_pxe.o           (--whole-archive)
boot/bootmeth_efi.o           (--whole-archive)
boot/image-fdt.o              (--whole-archive)
cmd/boot.o                    (--whole-archive)
cmd/bootm.o                   (--whole-archive)
cmd/help.o                    (--whole-archive)
cmd/panic.o                   (--whole-archive)
cmd/version.o                 (--whole-archive)
cmd/blk_common.o              (--whole-archive)
cmd/bootflow.o                (--whole-archive)
cmd/source.o                  (--whole-archive)
cmd/bdinfo.o                  (--whole-archive)
cmd/blkcache.o                (--whole-archive)
cmd/bootefi.o                 (--whole-archive)
cmd/booti.o                   (--whole-archive)
cmd/console.o                 (--whole-archive)
cmd/dm.o                      (--whole-archive)
cmd/echo.o                    (--whole-archive)
cmd/elf.o                     (--whole-archive)
cmd/exit.o                    (--whole-archive)
cmd/ext4.o                    (--whole-archive)
cmd/ext2.o                    (--whole-archive)
cmd/fat.o                     (--whole-archive)
cmd/fdt.o                     (--whole-archive)
cmd/fs.o                      (--whole-archive)
cmd/gpio.o                    (--whole-archive)
cmd/itest.o                   (--whole-archive)
cmd/load.o                    (--whole-archive)
cmd/mem.o                     (--whole-archive)
cmd/mii.o                     (--whole-archive)
cmd/mdio.o                    (--whole-archive)
cmd/sleep.o                   (--whole-archive)
cmd/mmc.o                     (--whole-archive)
cmd/net.o                     (--whole-archive)
cmd/part.o                    (--whole-archive)
cmd/pci.o                     (--whole-archive)
cmd/pinmux.o                  (--whole-archive)
cmd/pxe.o                     (--whole-archive)
cmd/setexpr.o                 (--whole-archive)
cmd/sysboot.o                 (--whole-archive)
cmd/test.o                    (--whole-archive)
cmd/unlz4.o                   (--whole-archive)
cmd/unzip.o                   (--whole-archive)
cmd/lzmadec.o                 (--whole-archive)
cmd/usb.o                     (--whole-archive)
cmd/disk.o                    (--whole-archive)
cmd/fs_uuid.o                 (--whole-archive)
cmd/ximg.o                    (--whole-archive)
cmd/dfu.o                     (--whole-archive)
cmd/nvedit.o                  (--whole-archive)
common/init/board_init.o      (--whole-archive)
common/main.o                 (--whole-archive)
common/exports.o              (--whole-archive)
common/cli_hush.o             (--whole-archive)
common/autoboot.o             (--whole-archive)
common/board_f.o              (--whole-archive)
[...]
Memory Configuration

Name             Origin             Length             Attributes
*default*        0x0000000000000000 0xffffffffffffffff

Linker script and memory map

Address of section .text set to 0x80000
                0x0000000000000000                . = 0x0
                0x0000000000000000                . = ALIGN (0x8)

.text           0x0000000000080000      0x120
 *(.__image_copy_start)
 .__image_copy_start
                0x0000000000080000        0x0 arch/arm/lib/sections.o
                0x0000000000080000                __image_copy_start
 arch/arm/cpu/armv8/start.o(.text*)
 .text          0x0000000000080000      0x120 arch/arm/cpu/armv8/start.o
                0x0000000000080000                _start
                0x0000000000080008                _TEXT_BASE
                0x0000000000080010                _end_ofs
                0x0000000000080018                _bss_start_ofs
                0x0000000000080020                _bss_end_ofs
                0x000000000008002c                save_boot_params_ret
                0x00000000000800a0                apply_core_errata
                0x00000000000800dc                lowlevel_init
                0x00000000000800e8                smp_kick_all_cpus
                0x00000000000800ec                c_runtime_cpu_setup

.efi_runtime    0x0000000000080120      0xaa8
                0x0000000000080120                __efi_runtime_start = .
 *(.text.efi_runtime*)
 .text.efi_runtime
                0x0000000000080120       0x90 arch/arm/mach-bcm283x/reset.o
                0x0000000000080150                efi_reset_system
 .text.efi_runtime
                0x00000000000801b0      0x128 lib/efi_loader/efi_runtime.o
                0x00000000000801b4                efi_get_time
                0x00000000000801bc                efi_set_time
                0x00000000000801cc                efi_update_capsule_unsupported
                0x00000000000801d4                efi_query_capsule_caps_unsupported
                0x00000000000801ec                efi_convert_pointer
                0x0000000000080284                efi_update_table_header_crc32
                0x00000000000802b8                efi_memcpy_runtime
 .text.efi_runtime_detach
                0x00000000000802d8       0x30 lib/efi_loader/efi_runtime.o
                0x00000000000802d8                efi_runtime_detach
 .text.efi_runtime_relocate
                0x0000000000080308      0x140 lib/efi_loader/efi_runtime.o
                0x0000000000080308                efi_runtime_relocate
 .text.efi_runtime
                0x0000000000080448       0x38 lib/efi_loader/efi_var_common.o
                0x0000000000080448                efi_get_variable_runtime
                0x000000000008047c                efi_get_next_variable_name_runtime
 .text.efi_runtime
                0x0000000000080480      0x510 lib/efi_loader/efi_var_mem.o
                0x0000000000080530                efi_var_mem_find
                0x000000000008062c                efi_get_next_variable_name_mem
                0x0000000000080708                efi_get_variable_mem
                0x00000000000807d0                efi_var_mem_del
                0x0000000000080860                efi_var_mem_ins
                0x0000000000080974                efi_var_mem_free
 .text.efi_runtime
                0x0000000000080990       0x18 lib/efi_loader/efi_variable.o
                0x0000000000080990                efi_query_variable_info_runtime
                0x00000000000809a0                efi_get_variable_int
                0x00000000000809a4                efi_get_next_variable_name_int
 .text.efi_runtime
                0x00000000000809a8       0x24 lib/charset.o
                0x00000000000809a8                u16_strnlen
 .text.efi_runtime
                0x00000000000809cc       0x40 lib/crc32.o
                0x00000000000809cc                crc32_no_comp
                0x00000000000809f0                crc32
 *(.rodata.efi_runtime*)
 .rodata.efi_runtime_relocate.str1.1
                0x0000000000080a0c       0x4e lib/efi_loader/efi_runtime.o
 *(.data.efi_runtime*)
 *fill*         0x0000000000080a5a        0x6 
 .data.efi_runtime
                0x0000000000080a60        0x8 arch/arm/mach-bcm283x/reset.o
                0x0000000000080a60                wdog_regs
 .data.efi_runtime
                0x0000000000080a68       0xa0 lib/efi_loader/efi_boottime.o
                0x0000000000080a68                systab
                0x0000000000080af8                efi_events
 .data.efi_runtime
                0x0000000000080b08       0xa0 lib/efi_loader/efi_runtime.o
                0x0000000000080b08                efi_runtime_services
 .data.efi_runtime_mmio
                0x0000000000080ba8       0x10 lib/efi_loader/efi_runtime.o
                0x0000000000080ba8                efi_runtime_mmio
 .data.efi_runtime
                0x0000000000080bb8       0x10 lib/efi_loader/efi_var_mem.o
                0x0000000000080bc8                __efi_runtime_stop = .

.text_rest      0x0000000000081000    0x681d4
 *(.text*)
 .text.board_cleanup_before_linux
                0x0000000000081000        0x4 arch/arm/cpu/armv8/cpu.o
                0x0000000000081000                board_cleanup_before_linux
 .text.cleanup_before_linux
                0x0000000000081004       0x2c arch/arm/cpu/armv8/cpu.o
                0x0000000000081004                cleanup_before_linux
 .text.get_tbclk
                0x0000000000081030        0x8 arch/arm/cpu/armv8/generic_timer.o
                0x0000000000081030                get_tbclk
 .text.get_ticks
                0x0000000000081038       0x10 arch/arm/cpu/armv8/generic_timer.o
                0x0000000000081038                get_ticks
 .text.count_required_pts
                0x0000000000081048       0xf8 arch/arm/cpu/armv8/cache_v8.o
 .text.create_table
                0x0000000000081140       0x70 arch/arm/cpu/armv8/cache_v8.o
 .text.split_block
                0x00000000000811b0       0x90 arch/arm/cpu/armv8/cache_v8.o
 .text.get_tcr  0x0000000000081240      0x108 arch/arm/cpu/armv8/cache_v8.o
                0x0000000000081240                get_tcr
 .text.find_pte
                0x0000000000081348       0xb0 arch/arm/cpu/armv8/cache_v8.o
 .text.set_one_region
                0x00000000000813f8       0xd8 arch/arm/cpu/armv8/cache_v8.o
 .text.get_page_table_size
                0x00000000000814d0       0x44 arch/arm/cpu/armv8/cache_v8.o
                0x00000000000814d0                get_page_table_size
 .text.setup_pgtables
                0x0000000000081514      0x168 arch/arm/cpu/armv8/cache_v8.o
                0x0000000000081514                setup_pgtables
 .text.setup_all_pgtables
                0x000000000008167c       0x5c arch/arm/cpu/armv8/cache_v8.o
 .text.mmu_setup
                0x00000000000816d8       0xf0 arch/arm/cpu/armv8/cache_v8.o
                0x00000000000816d8                mmu_setup
 .text.invalidate_dcache_all
                0x00000000000817c8       0x14 arch/arm/cpu/armv8/cache_v8.o
                0x00000000000817c8                invalidate_dcache_all
 .text.invalidate_dcache_range
                0x00000000000817dc        0x4 arch/arm/cpu/armv8/cache_v8.o
                0x00000000000817dc                invalidate_dcache_range
 .text.flush_dcache_range
                0x00000000000817e0        0x4 arch/arm/cpu/armv8/cache_v8.o
                0x00000000000817e0                flush_dcache_range
 .text.dcache_enable
                0x00000000000817e4       0xb8 arch/arm/cpu/armv8/cache_v8.o
                0x00000000000817e4                dcache_enable
 .text.dcache_disable
                0x000000000008189c       0x84 arch/arm/cpu/armv8/cache_v8.o
                0x000000000008189c                dcache_disable
 .text.dcache_status
                0x0000000000081920       0x34 arch/arm/cpu/armv8/cache_v8.o
                0x0000000000081920                dcache_status
 .text.mmu_set_region_dcache_behaviour
                0x0000000000081954       0xa4 arch/arm/cpu/armv8/cache_v8.o
                0x0000000000081954                mmu_set_region_dcache_behaviour
 .text.icache_disable
                0x00000000000819f8       0x68 arch/arm/cpu/armv8/cache_v8.o
                0x00000000000819f8                icache_disable
 .text.invalidate_icache_all
                0x0000000000081a60       0x14 arch/arm/cpu/armv8/cache_v8.o
                0x0000000000081a60                invalidate_icache_all
 .text.icache_enable
                0x0000000000081a74       0x74 arch/arm/cpu/armv8/cache_v8.o
                0x0000000000081a74                icache_enable
 .text.enable_caches
                0x0000000000081ae8       0x14 arch/arm/cpu/armv8/cache_v8.o
                0x0000000000081ae8                enable_caches
 .text.__asm_dcache_level
                0x0000000000081afc       0x5c arch/arm/cpu/armv8/cache.o
                0x0000000000081afc                __asm_dcache_level
 .text.__asm_dcache_all
                0x0000000000081b58       0x58 arch/arm/cpu/armv8/cache.o
                0x0000000000081b58                __asm_dcache_all
 .text.__asm_flush_dcache_all
                0x0000000000081bb0        0x8 arch/arm/cpu/armv8/cache.o
                0x0000000000081bb0                __asm_flush_dcache_all
 .text.__asm_invalidate_dcache_all
                0x0000000000081bb8        0x8 arch/arm/cpu/armv8/cache.o
                0x0000000000081bb8                __asm_invalidate_dcache_all
 .text.__asm_flush_dcache_range
                0x0000000000081bc0       0x30 arch/arm/cpu/armv8/cache.o
                0x0000000000081bc0                __asm_flush_dcache_range
 .text.__asm_invalidate_dcache_range
                0x0000000000081bf0       0x30 arch/arm/cpu/armv8/cache.o
                0x0000000000081bf0                __asm_invalidate_dcache_range
 .text.__asm_invalidate_icache_all
                0x0000000000081c20        0xc arch/arm/cpu/armv8/cache.o
                0x0000000000081c20                __asm_invalidate_icache_all
 .text.__asm_invalidate_l3_dcache
                0x0000000000081c2c        0x8 arch/arm/cpu/armv8/cache.o
                0x0000000000081c2c                __asm_invalidate_l3_dcache
 .text.__asm_flush_l3_dcache
                0x0000000000081c34        0x8 arch/arm/cpu/armv8/cache.o
                0x0000000000081c34                __asm_flush_l3_dcache
 .text.__asm_invalidate_l3_icache
                0x0000000000081c3c        0x8 arch/arm/cpu/armv8/cache.o
                0x0000000000081c3c                __asm_invalidate_l3_icache
 .text.__asm_switch_ttbr
                0x0000000000081c44       0xc0 arch/arm/cpu/armv8/cache.o
                0x0000000000081c44                __asm_switch_ttbr
 *fill*         0x0000000000081d04      0x2fc 
 .text          0x0000000000082000      0x390 arch/arm/cpu/armv8/exceptions.o
                0x0000000000082000                vectors
 .text.entry_non_secure
                0x0000000000082390       0x28 arch/arm/cpu/armv8/exception_level.o
 .text.switch_to_non_secure_mode
                0x00000000000823b8       0x54 arch/arm/cpu/armv8/exception_level.o
                0x00000000000823b8                switch_to_non_secure_mode
 .text.__asm_invalidate_tlb_all
                0x000000000008240c       0x44 arch/arm/cpu/armv8/tlb.o
                0x000000000008240c                __asm_invalidate_tlb_all
 .text.armv8_switch_to_el2
                0x0000000000082450       0xb0 arch/arm/cpu/armv8/transition.o
                0x0000000000082450                armv8_switch_to_el2
 .text.armv8_el2_to_aarch32
                0x0000000000082500        0x4 arch/arm/cpu/armv8/transition.o
                0x0000000000082500                armv8_el2_to_aarch32
 *fill*         0x0000000000082504        0x4 
 .text          0x0000000000082508       0x88 arch/arm/lib/crt0_64.o
                0x0000000000082508                _main
 .text.setjmp   0x0000000000082590       0x28 arch/arm/lib/setjmp_aarch64.o
                0x0000000000082590                setjmp
 .text.longjmp  0x00000000000825b8       0x2c arch/arm/lib/setjmp_aarch64.o
                0x00000000000825b8                longjmp
 .text          0x00000000000825e4       0xd0 arch/arm/lib/relocate_64.o
                0x00000000000825e4                relocate_code
 .text.arch_fixup_fdt
                0x00000000000826b4       0x4c arch/arm/lib/bootm-fdt.o
                0x00000000000826b4                arch_fixup_fdt
 .text.board_quiesce_devices
                0x0000000000082700        0x4 arch/arm/lib/bootm.o
                0x0000000000082700                board_quiesce_devices
 .text.board_prep_linux
                0x0000000000082704        0x4 arch/arm/lib/bootm.o
                0x0000000000082704                board_prep_linux
 .text.boot_prep_linux
                0x0000000000082708       0x58 arch/arm/lib/bootm.o
 .text.update_os_arch_secondary_cores
                0x0000000000082760        0x4 arch/arm/lib/bootm.o
                0x0000000000082760                update_os_arch_secondary_cores
 .text.boot_jump_linux
                0x0000000000082764       0xb8 arch/arm/lib/bootm.o
 .text.do_bootm_linux
                0x000000000008281c       0x6c arch/arm/lib/bootm.o
                0x000000000008281c                do_bootm_linux
 .text.boot_prep_vxworks
                0x0000000000082888       0x50 arch/arm/lib/bootm.o
                0x0000000000082888                boot_prep_vxworks
 .text.boot_jump_vxworks
                0x00000000000828d8       0x10 arch/arm/lib/bootm.o
                0x00000000000828d8                boot_jump_vxworks
 .text.booti_setup
                0x00000000000828e8       0xb8 arch/arm/lib/image.o
                0x00000000000828e8                booti_setup
 .text.arch_setup_bdinfo
                0x00000000000829a0        0x8 arch/arm/lib/bdinfo.o
                0x00000000000829a0                arch_setup_bdinfo
 .text.arch_print_bdinfo
                0x00000000000829a8       0x64 arch/arm/lib/bdinfo.o
                0x00000000000829a8                arch_print_bdinfo
 .text.arch_reserve_stacks
                0x0000000000082a0c       0x10 arch/arm/lib/stack.o
                0x0000000000082a0c                arch_reserve_stacks
 .text.arch_lmb_reserve
                0x0000000000082a1c       0x10 arch/arm/lib/stack.o
                0x0000000000082a1c                arch_lmb_reserve
 .text.show_efi_loaded_images.isra.0
                0x0000000000082a2c        0x4 arch/arm/lib/interrupts_64.o
 .text.interrupt_init
                0x0000000000082a30        0x8 arch/arm/lib/interrupts_64.o
                0x0000000000082a30                interrupt_init
 .text.enable_interrupts
                0x0000000000082a38        0x4 arch/arm/lib/interrupts_64.o
                0x0000000000082a38                enable_interrupts
 .text.disable_interrupts
                0x0000000000082a3c        0x8 arch/arm/lib/interrupts_64.o
                0x0000000000082a3c                disable_interrupts
 .text.show_regs
                0x0000000000082a44       0xf8 arch/arm/lib/interrupts_64.o
                0x0000000000082a44                show_regs
 .text.do_bad_sync
                0x0000000000082b3c       0x40 arch/arm/lib/interrupts_64.o
                0x0000000000082b3c                do_bad_sync
 .text.do_bad_irq
                0x0000000000082b7c       0x40 arch/arm/lib/interrupts_64.o
                0x0000000000082b7c                do_bad_irq
 .text.do_bad_fiq
                0x0000000000082bbc       0x40 arch/arm/lib/interrupts_64.o
                0x0000000000082bbc                do_bad_fiq
 .text.do_bad_error
                0x0000000000082bfc       0x40 arch/arm/lib/interrupts_64.o
                0x0000000000082bfc                do_bad_error
 .text.do_sync  0x0000000000082c3c       0x40 arch/arm/lib/interrupts_64.o
                0x0000000000082c3c                do_sync
 .text.do_irq   0x0000000000082c7c       0x40 arch/arm/lib/interrupts_64.o
                0x0000000000082c7c                do_irq
 .text.do_fiq   0x0000000000082cbc       0x40 arch/arm/lib/interrupts_64.o
                0x0000000000082cbc                do_fiq
 .text.do_error
                0x0000000000082cfc       0x40 arch/arm/lib/interrupts_64.o
                0x0000000000082cfc                do_error
 .text.reset_misc
                0x0000000000082d3c        0x4 arch/arm/lib/reset.o
                0x0000000000082d3c                reset_misc
 .text.do_reset
                0x0000000000082d40       0x34 arch/arm/lib/reset.o
                0x0000000000082d40                do_reset
 .text.flush_cache
                0x0000000000082d74        0x8 arch/arm/lib/cache.o
                0x0000000000082d74                flush_cache
 .text.arm_reserve_mmu
                0x0000000000082d7c       0x4c arch/arm/lib/cache.o
                0x0000000000082d7c                arm_reserve_mmu
 .text.arch_reserve_mmu
                0x0000000000082dc8        0x4 arch/arm/lib/cache.o
                0x0000000000082dc8                arch_reserve_mmu
 .text.arch_cpu_init
                0x0000000000082dcc       0x18 arch/arm/mach-bcm283x/init.o
                0x0000000000082dcc                arch_cpu_init
 .text.mach_cpu_init
                0x0000000000082de4       0xd4 arch/arm/mach-bcm283x/init.o
                0x0000000000082de4                mach_cpu_init
 .text.reset_cpu
                0x0000000000082eb8       0x48 arch/arm/mach-bcm283x/reset.o
                0x0000000000082eb8                reset_cpu
 .text.efi_reset_system_init
                0x0000000000082f00       0x58 arch/arm/mach-bcm283x/reset.o
                0x0000000000082f00                efi_reset_system_init
 .text.bcm2835_mbox_call_raw
                0x0000000000082f58      0x164 arch/arm/mach-bcm283x/mbox.o
                0x0000000000082f58                bcm2835_mbox_call_raw
 .text.bcm2835_mbox_call_prop
                0x00000000000830bc      0x100 arch/arm/mach-bcm283x/mbox.o
                0x00000000000830bc                bcm2835_mbox_call_prop
 .text.bcm2835_power_on_module
                0x00000000000831bc       0x80 arch/arm/mach-bcm283x/msg.o
                0x00000000000831bc                bcm2835_power_on_module
 .text.bcm2835_get_mmc_clock
                0x000000000008323c       0x90 arch/arm/mach-bcm283x/msg.o
                0x000000000008323c                bcm2835_get_mmc_clock
 .text.bcm2835_get_video_size
                0x00000000000832cc       0x98 arch/arm/mach-bcm283x/msg.o
                0x00000000000832cc                bcm2835_get_video_size
 .text.bcm2835_set_video_params
                0x0000000000083364      0x1ac arch/arm/mach-bcm283x/msg.o
                0x0000000000083364                bcm2835_set_video_params
 .text.bcm2711_notify_vl805_reset
                0x0000000000083510       0xa8 arch/arm/mach-bcm283x/msg.o
                0x0000000000083510                bcm2711_notify_vl805_reset
 .text.phys_to_bus
                0x00000000000835b8        0x8 arch/arm/mach-bcm283x/phys2bus.o
                0x00000000000835b8                phys_to_bus
 .text.bus_to_phys
                0x00000000000835c0        0x8 arch/arm/mach-bcm283x/phys2bus.o
                0x00000000000835c0                bus_to_phys
 .text.dram_init
                0x00000000000835c8       0x88 board/raspberrypi/rpi/rpi.o
                0x00000000000835c8                dram_init
 .text.dram_init_banksize
                0x0000000000083650       0x20 board/raspberrypi/rpi/rpi.o
                0x0000000000083650                dram_init_banksize
 .text.board_get_usable_ram_top
                0x0000000000083670       0x2c board/raspberrypi/rpi/rpi.o
                0x0000000000083670                board_get_usable_ram_top
 .text.misc_init_r
                0x000000000008369c      0x264 board/raspberrypi/rpi/rpi.o
                0x000000000008369c                misc_init_r
 .text.board_init
                0x0000000000083900      0x124 board/raspberrypi/rpi/rpi.o
                0x0000000000083900                board_init
 .text.board_fdt_blob_setup
                0x0000000000083a24       0x30 board/raspberrypi/rpi/rpi.o
                0x0000000000083a24                board_fdt_blob_setup
 .text.ft_board_setup
                0x0000000000083a54       0x4c board/raspberrypi/rpi/rpi.o
                0x0000000000083a54                ft_board_setup
 .text          0x0000000000083aa0        0xc board/raspberrypi/rpi/lowlevel_init.o
                0x0000000000083aa0                save_boot_params
 .text.bootm_find_images
                0x0000000000083aac      0x168 boot/bootm.o
                0x0000000000083aac                bootm_find_images
 .text.bootm_disable_interrupts
                0x0000000000083c14       0x28 boot/bootm.o
                0x0000000000083c14                bootm_disable_interrupts
 .text.do_bootm_states
                0x0000000000083c3c      0x718 boot/bootm.o
                0x0000000000083c3c                do_bootm_states
 .text.do_bootm_vxworks
                0x0000000000084354      0x200 boot/bootm_os.o
                0x0000000000084354                do_bootm_vxworks
 .text.copy_args
                0x0000000000084554       0x6c boot/bootm_os.o
 .text.do_bootm_plan9
                0x00000000000845c0       0xac boot/bootm_os.o
 .text.do_bootm_netbsd
                0x000000000008466c      0x120 boot/bootm_os.o
 .text.do_bootm_qnxelf
                0x000000000008478c       0x8c boot/bootm_os.o
 .text.do_bootm_standalone
                0x0000000000084818       0x60 boot/bootm_os.o
 .text.do_bootm_rtems
                0x0000000000084878       0x48 boot/bootm_os.o
 .text.arch_preboot_os
                0x00000000000848c0        0x4 boot/bootm_os.o
                0x00000000000848c0                arch_preboot_os
 .text.board_preboot_os
                0x00000000000848c4        0x4 boot/bootm_os.o
                0x00000000000848c4                board_preboot_os
 .text.boot_selected_os
                0x00000000000848c8       0x74 boot/bootm_os.o
                0x00000000000848c8                boot_selected_os
 .text.bootm_os_get_boot_func
                0x000000000008493c       0x10 boot/bootm_os.o
                0x000000000008493c                bootm_os_get_boot_func
 .text.eol_or_eof
                0x000000000008494c       0x24 boot/pxe_utils.o
 .text.label_print
                0x0000000000084970       0x1c boot/pxe_utils.o
 .text.get_relfile
                0x000000000008498c      0x108 boot/pxe_utils.o
 .text.get_relfile_envaddr
                0x0000000000084a94       0x6c boot/pxe_utils.o
 .text.label_destroy
                0x0000000000084b00       0x60 boot/pxe_utils.o
 .text.get_string.constprop.0.isra.0
                0x0000000000084b60       0xd4 boot/pxe_utils.o
 .text.get_token
                0x0000000000084c34      0x148 boot/pxe_utils.o
 .text.parse_sliteral
                0x0000000000084d7c       0x6c boot/pxe_utils.o
 .text.parse_integer
                0x0000000000084de8       0x88 boot/pxe_utils.o
 .text.pxe_get_file_size
                0x0000000000084e70       0x4c boot/pxe_utils.o
                0x0000000000084e70                pxe_get_file_size
 .text.format_mac_pxe
                0x0000000000084ebc       0x88 boot/pxe_utils.o
                0x0000000000084ebc                format_mac_pxe
 .text.label_boot
                0x0000000000084f44      0x8e0 boot/pxe_utils.o
 .text.get_pxe_file
                0x0000000000085824       0x34 boot/pxe_utils.o
                0x0000000000085824                get_pxe_file
 .text.handle_include
                0x0000000000085858       0xd4 boot/pxe_utils.o
 .text.parse_pxefile_top
                0x000000000008592c      0x454 boot/pxe_utils.o
 .text.get_pxelinux_path
                0x0000000000085d80       0xa0 boot/pxe_utils.o
                0x0000000000085d80                get_pxelinux_path
 .text.destroy_pxe_menu
                0x0000000000085e20       0x60 boot/pxe_utils.o
                0x0000000000085e20                destroy_pxe_menu
 .text.parse_pxefile
                0x0000000000085e80       0x78 boot/pxe_utils.o
                0x0000000000085e80                parse_pxefile
 .text.handle_pxe_menu
                0x0000000000085ef8      0x1e8 boot/pxe_utils.o
                0x0000000000085ef8                handle_pxe_menu
 .text.pxe_setup_ctx
                0x00000000000860e0       0xcc boot/pxe_utils.o
                0x00000000000860e0                pxe_setup_ctx
 .text.pxe_destroy_ctx
                0x00000000000861ac        0x8 boot/pxe_utils.o
                0x00000000000861ac                pxe_destroy_ctx
 .text.pxe_process
                0x00000000000861b4       0x6c boot/pxe_utils.o
                0x00000000000861b4                pxe_process
 .text.image_check_hcrc
                0x0000000000086220       0x50 boot/image.o
                0x0000000000086220                image_check_hcrc
 .text.image_check_dcrc
                0x0000000000086270       0x44 boot/image.o
                0x0000000000086270                image_check_dcrc
 .text.image_multi_count
                0x00000000000862b4       0x20 boot/image.o
                0x00000000000862b4                image_multi_count
 .text.image_multi_getimg
                0x00000000000862d4       0x84 boot/image.o
                0x00000000000862d4                image_multi_getimg
 .text.image_decomp_type
                0x0000000000086358       0x60 boot/image.o
                0x0000000000086358                image_decomp_type
 .text.get_table_entry
                0x00000000000863b8       0x20 boot/image.o
                0x00000000000863b8                get_table_entry
 .text.get_table_entry_name
                0x00000000000863d8       0x28 boot/image.o
                0x00000000000863d8                get_table_entry_name
 .text.genimg_get_os_name
                0x0000000000086400       0x18 boot/image.o
                0x0000000000086400                genimg_get_os_name
 .text.genimg_get_arch_name
                0x0000000000086418       0x18 boot/image.o
                0x0000000000086418                genimg_get_arch_name
 .text.genimg_get_type_name
                0x0000000000086430       0x18 boot/image.o
                0x0000000000086430                genimg_get_type_name
 .text.image_decomp
                0x0000000000086448      0x160 boot/image.o
                0x0000000000086448                image_decomp
 .text.genimg_get_comp_name
                0x00000000000865a8       0x18 boot/image.o
                0x00000000000865a8                genimg_get_comp_name
 .text.image_print_contents
                0x00000000000865c0      0x1c4 boot/image.o
                0x00000000000865c0                image_print_contents
 .text.on_loadaddr
                0x0000000000086784       0x38 boot/image-board.o
 .text.env_get_bootm_low
                0x00000000000867bc       0x2c boot/image-board.o
                0x00000000000867bc                env_get_bootm_low
 .text.env_get_bootm_size
                0x00000000000867e8       0x88 boot/image-board.o
                0x00000000000867e8                env_get_bootm_size
 .text.env_get_bootm_mapsize
                0x0000000000086870       0x30 boot/image-board.o
                0x0000000000086870                env_get_bootm_mapsize
 .text.memmove_wd
                0x00000000000868a0       0x10 boot/image-board.o
                0x00000000000868a0                memmove_wd
 .text.genimg_get_kernel_addr_fit
                0x00000000000868b0       0x18 boot/image-board.o
                0x00000000000868b0                genimg_get_kernel_addr_fit
 .text.genimg_get_kernel_addr
                0x00000000000868c8       0x14 boot/image-board.o
                0x00000000000868c8                genimg_get_kernel_addr
 .text.genimg_get_format
                0x00000000000868dc       0x3c boot/image-board.o
                0x00000000000868dc                genimg_get_format
 .text.genimg_has_config
                0x0000000000086918        0x8 boot/image-board.o
                0x0000000000086918                genimg_has_config
 .text.boot_get_ramdisk
                0x0000000000086920      0x214 boot/image-board.o
                0x0000000000086920                boot_get_ramdisk
 .text.boot_ramdisk_high
                0x0000000000086b34      0x120 boot/image-board.o
                0x0000000000086b34                boot_ramdisk_high
 .text.boot_get_setup
                0x0000000000086c54        0x8 boot/image-board.o
                0x0000000000086c54                boot_get_setup
 .text.image_setup_linux
                0x0000000000086c5c       0x60 boot/image-board.o
                0x0000000000086c5c                image_setup_linux
 .text.genimg_print_size
                0x0000000000086cbc       0x38 boot/image-board.o
                0x0000000000086cbc                genimg_print_size
 .text.h_cmp_bootdev
                0x0000000000086cf4       0x58 boot/bootdev-uclass.o
 .text.bootdev_post_bind
                0x0000000000086d4c       0x1c boot/bootdev-uclass.o
 .text.bootdev_add_bootflow
                0x0000000000086d68       0x94 boot/bootdev-uclass.o
                0x0000000000086d68                bootdev_add_bootflow
 .text.bootdev_bind
                0x0000000000086dfc       0x8c boot/bootdev-uclass.o
                0x0000000000086dfc                bootdev_bind
 .text.bootdev_find_in_blk
                0x0000000000086e88      0x158 boot/bootdev-uclass.o
                0x0000000000086e88                bootdev_find_in_blk
 .text.bootdev_setup_for_dev
                0x0000000000086fe0       0x50 boot/bootdev-uclass.o
                0x0000000000086fe0                bootdev_setup_for_dev
 .text.bootdev_setup_sibling_blk
                0x0000000000087030       0xa0 boot/bootdev-uclass.o
                0x0000000000087030                bootdev_setup_sibling_blk
 .text.bootdev_get_sibling_blk
                0x00000000000870d0       0x7c boot/bootdev-uclass.o
                0x00000000000870d0                bootdev_get_sibling_blk
 .text.bootdev_find_by_label
                0x000000000008714c      0x1a0 boot/bootdev-uclass.o
                0x000000000008714c                bootdev_find_by_label
 .text.bootdev_get_bootflow
                0x00000000000872ec       0x84 boot/bootdev-uclass.o
                0x00000000000872ec                bootdev_get_bootflow
 .text.bootdev_clear_bootflows
                0x0000000000087370       0x34 boot/bootdev-uclass.o
                0x0000000000087370                bootdev_clear_bootflows
 .text.bootdev_pre_unbind
                0x00000000000873a4       0x18 boot/bootdev-uclass.o
 .text.bootdev_setup_iter_order
                0x00000000000873bc      0x1f4 boot/bootdev-uclass.o
                0x00000000000873bc                bootdev_setup_iter_order
 .text.bootflow_iter_set_dev
                0x00000000000875b0       0x8c boot/bootflow.o
 .text.bootflow_check
                0x000000000008763c       0x50 boot/bootflow.o
 .text.bootflow_iter_init
                0x000000000008768c       0x38 boot/bootflow.o
                0x000000000008768c                bootflow_iter_init
 .text.bootflow_iter_uninit
                0x00000000000876c4       0x28 boot/bootflow.o
                0x00000000000876c4                bootflow_iter_uninit
 .text.bootflow_scan_next
                0x00000000000876ec      0x154 boot/bootflow.o
                0x00000000000876ec                bootflow_scan_next
 .text.bootflow_scan_bootdev
                0x0000000000087840       0xcc boot/bootflow.o
                0x0000000000087840                bootflow_scan_bootdev
 .text.bootflow_scan_first
                0x000000000008790c       0x14 boot/bootflow.o
                0x000000000008790c                bootflow_scan_first
 .text.bootflow_free
                0x0000000000087920       0x38 boot/bootflow.o
                0x0000000000087920                bootflow_free
 .text.bootflow_remove
                0x0000000000087958       0x50 boot/bootflow.o
                0x0000000000087958                bootflow_remove
 .text.bootflow_boot
                0x00000000000879a8       0x3c boot/bootflow.o
                0x00000000000879a8                bootflow_boot
 .text.bootflow_run_boot
                0x00000000000879e4       0x50 boot/bootflow.o
                0x00000000000879e4                bootflow_run_boot
 .text.bootflow_iter_uses_blk_dev
                0x0000000000087a34       0x2c boot/bootflow.o
                0x0000000000087a34                bootflow_iter_uses_blk_dev
 .text.bootflow_iter_uses_network
                0x0000000000087a60       0x28 boot/bootflow.o
                0x0000000000087a60                bootflow_iter_uses_network
 .text.setup_fs
                0x0000000000087a88       0x1c boot/bootmeth-uclass.o
 .text.bootmeth_check
                0x0000000000087aa4       0x20 boot/bootmeth-uclass.o
                0x0000000000087aa4                bootmeth_check
 .text.bootmeth_read_bootflow
                0x0000000000087ac4       0x20 boot/bootmeth-uclass.o
                0x0000000000087ac4                bootmeth_read_bootflow
 .text.bootmeth_boot
                0x0000000000087ae4       0x20 boot/bootmeth-uclass.o
                0x0000000000087ae4                bootmeth_boot
 .text.bootmeth_read_file
                0x0000000000087b04       0x20 boot/bootmeth-uclass.o
                0x0000000000087b04                bootmeth_read_file
 .text.bootmeth_get_bootflow
                0x0000000000087b24       0x78 boot/bootmeth-uclass.o
                0x0000000000087b24                bootmeth_get_bootflow
 .text.bootmeth_setup_iter_order
                0x0000000000087b9c      0x140 boot/bootmeth-uclass.o
                0x0000000000087b9c                bootmeth_setup_iter_order
 .text.bootmeth_try_file
                0x0000000000087cdc       0xb0 boot/bootmeth-uclass.o
                0x0000000000087cdc                bootmeth_try_file
 .text.bootmeth_alloc_file
                0x0000000000087d8c       0xac boot/bootmeth-uclass.o
                0x0000000000087d8c                bootmeth_alloc_file
 .text.bootmeth_common_read_file
                0x0000000000087e38       0xb8 boot/bootmeth-uclass.o
                0x0000000000087e38                bootmeth_common_read_file
 .text.bootstd_of_to_plat
                0x0000000000087ef0       0x18 boot/bootstd-uclass.o
 .text.bootstd_probe
                0x0000000000087f08       0x20 boot/bootstd-uclass.o
 .text.bootstd_remove
                0x0000000000087f28       0x50 boot/bootstd-uclass.o
 .text.bootstd_get_prefixes
                0x0000000000087f78       0x24 boot/bootstd-uclass.o
                0x0000000000087f78                bootstd_get_prefixes
 .text.bootstd_get_priv
                0x0000000000087f9c       0x40 boot/bootstd-uclass.o
                0x0000000000087f9c                bootstd_get_priv
 .text.bootstd_clear_glob
                0x0000000000087fdc       0x44 boot/bootstd-uclass.o
                0x0000000000087fdc                bootstd_clear_glob
 .text.dm_scan_other
                0x0000000000088020      0x120 boot/bootstd-uclass.o
                0x0000000000088020                dm_scan_other
 .text.distro_get_state_desc
                0x0000000000088140        0x8 boot/bootmeth_distro.o
 .text.distro_boot
                0x0000000000088148       0x70 boot/bootmeth_distro.o
 .text.distro_getfile
                0x00000000000881b8       0x58 boot/bootmeth_distro.o
 .text.distro_bootmeth_bind
                0x0000000000088210       0x24 boot/bootmeth_distro.o
 .text.distro_read_bootflow
                0x0000000000088234       0xc4 boot/bootmeth_distro.o
 .text.distro_check
                0x00000000000882f8        0x8 boot/bootmeth_distro.o
 .text.distro_pxe_boot
                0x0000000000088300       0x84 boot/bootmeth_pxe.o
 .text.distro_pxe_getfile
                0x0000000000088384       0x50 boot/bootmeth_pxe.o
 .text.distro_pxe_read_file
                0x00000000000883d4       0xb0 boot/bootmeth_pxe.o
 .text.distro_pxe_read_bootflow
                0x0000000000088484      0x12c boot/bootmeth_pxe.o
 .text.distro_pxe_check
                0x00000000000885b0        0x8 boot/bootmeth_pxe.o
 .text.distro_bootmeth_pxe_bind
                0x00000000000885b8       0x24 boot/bootmeth_pxe.o
 .text.distro_efi_boot
                0x00000000000885dc       0x44 boot/bootmeth_efi.o
                0x00000000000885dc                distro_efi_boot
 .text.distro_bootmeth_efi_bind
                0x0000000000088620       0x24 boot/bootmeth_efi.o
 .text.distro_efi_check
                0x0000000000088644        0x8 boot/bootmeth_efi.o
 .text.distro_efi_read_bootflow
                0x000000000008864c      0x160 boot/bootmeth_efi.o
 .text.fdt_error
                0x00000000000887ac       0x38 boot/image-fdt.o
 .text.boot_fdt_reserve_region
                0x00000000000887e4       0x64 boot/image-fdt.o
 .text.boot_fdt_add_mem_rsv_regions
                0x0000000000088848      0x128 boot/image-fdt.o
                0x0000000000088848                boot_fdt_add_mem_rsv_regions
 .text.boot_relocate_fdt
                0x0000000000088970      0x210 boot/image-fdt.o
                0x0000000000088970                boot_relocate_fdt
 .text.boot_get_fdt
                0x0000000000088b80      0x274 boot/image-fdt.o
                0x0000000000088b80                boot_get_fdt
 .text.ft_verify_fdt
                0x0000000000088df4        0x8 boot/image-fdt.o
                0x0000000000088df4                ft_verify_fdt
 .text.image_setup_libfdt
                0x0000000000088dfc      0x1e0 boot/image-fdt.o
                0x0000000000088dfc                image_setup_libfdt
 .text.do_go_exec
                0x0000000000088fdc       0x14 cmd/boot.o
                0x0000000000088fdc                do_go_exec
 .text.do_go    0x0000000000088ff0       0x88 cmd/boot.o
 .text.do_bootm
                0x0000000000089078      0x108 cmd/bootm.o
                0x0000000000089078                do_bootm
 .text.do_bootd
                0x0000000000089180       0x2c cmd/bootm.o
                0x0000000000089180                do_bootd
 .text.image_info
                0x00000000000891ac       0xd0 cmd/bootm.o
 .text.do_iminfo
                0x000000000008927c       0x78 cmd/bootm.o
 .text.bootm_maybe_autostart
                0x00000000000892f4       0x60 cmd/bootm.o
                0x00000000000892f4                bootm_maybe_autostart
 .text.do_help  0x0000000000089354       0x48 cmd/help.o
 .text.do_panic
                0x000000000008939c       0x24 cmd/panic.o
 .text.do_version
                0x00000000000893c0       0x40 cmd/version.o
 .text.blk_common_cmd
                0x0000000000089400      0x2f4 cmd/blk_common.o
                0x0000000000089400                blk_common_cmd
 .text.complete_bootflow
                0x00000000000896f4       0x24 cmd/bootflow.o
 .text.do_bootflow_scan
                0x0000000000089718       0xe8 cmd/bootflow.o
 .text.do_bootflow
                0x0000000000089800       0xb4 cmd/bootflow.o
 .text.image_source_script
                0x00000000000898b4       0xf4 cmd/source.o
                0x00000000000898b4                image_source_script
 .text.do_source
                0x00000000000899a8       0x50 cmd/source.o
 .text.bdinfo_print_num_l
                0x00000000000899f8       0x18 cmd/bdinfo.o
                0x00000000000899f8                bdinfo_print_num_l
 .text.bdinfo_print_num_ll
                0x0000000000089a10       0x18 cmd/bdinfo.o
                0x0000000000089a10                bdinfo_print_num_ll
 .text.do_bdinfo
                0x0000000000089a28      0x2b4 cmd/bdinfo.o
                0x0000000000089a28                do_bdinfo
 .text.do_blkcache
                0x0000000000089cdc       0x84 cmd/blkcache.o
 .text.blkc_configure
                0x0000000000089d60       0x78 cmd/blkcache.o
 .text.blkc_show
                0x0000000000089dd8       0x34 cmd/blkcache.o
 .text.efi_clear_bootdev
                0x0000000000089e0c       0x48 cmd/bootefi.o
 .text.do_bootefi_exec
                0x0000000000089e54       0xc8 cmd/bootefi.o
 .text.efi_get_image_parameters
                0x0000000000089f1c       0x1c cmd/bootefi.o
                0x0000000000089f1c                efi_get_image_parameters
 .text.efi_set_bootdev
                0x0000000000089f38       0xe4 cmd/bootefi.o
                0x0000000000089f38                efi_set_bootdev
 .text.efi_install_fdt
                0x000000000008a01c      0x2ac cmd/bootefi.o
                0x000000000008a01c                efi_install_fdt
 .text.efi_run_image
                0x000000000008a2c8      0x1a0 cmd/bootefi.o
                0x000000000008a2c8                efi_run_image
 .text.do_bootefi
                0x000000000008a468      0x1b0 cmd/bootefi.o
 .text.do_booti
                0x000000000008a618      0x218 cmd/booti.o
                0x000000000008a618                do_booti
 .text.do_coninfo
                0x000000000008a830       0xd8 cmd/console.o
 .text.do_dm_dump_devres
                0x000000000008a908        0x8 cmd/dm.o
 .text.complete_dm
                0x000000000008a910       0x24 cmd/dm.o
 .text.do_dm_dump_uclass
                0x000000000008a934       0x18 cmd/dm.o
 .text.do_dm_dump_tree
                0x000000000008a94c       0x18 cmd/dm.o
 .text.do_dm_dump_static_driver_info
                0x000000000008a964       0x18 cmd/dm.o
 .text.do_dm_dump_drivers
                0x000000000008a97c       0x18 cmd/dm.o
 .text.do_dm_dump_driver_compat
                0x000000000008a994       0x18 cmd/dm.o
 .text.do_dm    0x000000000008a9ac       0xb4 cmd/dm.o
 .text.do_echo  0x000000000008aa60       0x94 cmd/echo.o
 .text.do_bootelf
                0x000000000008aaf4      0x128 cmd/elf.o
                0x000000000008aaf4                do_bootelf
 .text.do_bootvx
                0x000000000008ac1c      0x338 cmd/elf.o
                0x000000000008ac1c                do_bootvx
 .text.do_exit  0x000000000008af54       0x2c cmd/exit.o
 .text.do_ext4_size
                0x000000000008af80        0x8 cmd/ext4.o
                0x000000000008af80                do_ext4_size
 .text.do_ext4_load
                0x000000000008af88        0x8 cmd/ext4.o
                0x000000000008af88                do_ext4_load
 .text.do_ext4_ls
                0x000000000008af90        0x8 cmd/ext4.o
                0x000000000008af90                do_ext4_ls
 .text.do_ext2load
                0x000000000008af98        0x8 cmd/ext2.o
                0x000000000008af98                do_ext2load
 .text.do_ext2ls
                0x000000000008afa0        0x8 cmd/ext2.o
 .text.do_fat_size
                0x000000000008afa8        0x8 cmd/fat.o
                0x000000000008afa8                do_fat_size
 .text.do_fat_fsload
                0x000000000008afb0        0x8 cmd/fat.o
                0x000000000008afb0                do_fat_fsload
 .text.do_fat_ls
                0x000000000008afb8        0x8 cmd/fat.o
 .text.do_fat_fsinfo
                0x000000000008afc0       0x94 cmd/fat.o
 .text.do_fat_fswrite
                0x000000000008b054        0x8 cmd/fat.o
 .text.do_fat_rm
                0x000000000008b05c        0x8 cmd/fat.o
 .text.do_fat_mkdir
                0x000000000008b064        0x8 cmd/fat.o
 .text.is_printable_string
                0x000000000008b06c       0x80 cmd/fdt.o
 .text.print_data.part.0
                0x000000000008b0ec      0x1e4 cmd/fdt.o
 .text.set_working_fdt_addr
                0x000000000008b2d0       0x40 cmd/fdt.o
                0x000000000008b2d0                set_working_fdt_addr
 .text.do_fdt   0x000000000008b310     0x1088 cmd/fdt.o
 .text.do_size_wrapper
                0x000000000008c398        0x8 cmd/fs.o
 .text.do_load_wrapper
                0x000000000008c3a0        0x8 cmd/fs.o
 .text.do_save_wrapper
                0x000000000008c3a8        0x8 cmd/fs.o
 .text.do_ls_wrapper
                0x000000000008c3b0        0x8 cmd/fs.o
 .text.do_ln_wrapper
                0x000000000008c3b8        0x8 cmd/fs.o
 .text.do_fstype_wrapper
                0x000000000008c3c0        0x4 cmd/fs.o
 .text.do_fstypes_wrapper
                0x000000000008c3c4        0x4 cmd/fs.o
 .text.gpio_get_description
                0x000000000008c3c8       0xdc cmd/gpio.o
 .text.do_gpio  0x000000000008c4a4      0x408 cmd/gpio.o
 .text.evalexp  0x000000000008c8ac       0xa0 cmd/itest.o
 .text.evalstr  0x000000000008c94c       0x58 cmd/itest.o
 .text.binary_test
                0x000000000008c9a4      0x1b4 cmd/itest.o
 .text.do_itest
                0x000000000008cb58       0x94 cmd/itest.o
 .text.bin_data_init
                0x000000000008cbec       0x1c cmd/load.o
 .text.k_data_save
                0x000000000008cc08       0x34 cmd/load.o
 .text.k_data_restore
                0x000000000008cc3c       0x34 cmd/load.o
 .text.getcxmodem
                0x000000000008cc70       0x24 cmd/load.o
 .text.load_serial_ymodem
                0x000000000008cc94      0x13c cmd/load.o
 .text.bin_data_char
                0x000000000008cdd0       0x28 cmd/load.o
 .text.chk1.constprop.0
                0x000000000008cdf8       0x30 cmd/load.o
 .text.s1_sendpacket.constprop.0
                0x000000000008ce28       0x5c cmd/load.o
 .text.load_serial
                0x000000000008ce84      0x228 cmd/load.o
 .text.do_load_serial
                0x000000000008d0ac       0xe0 cmd/load.o
 .text.do_load_serial_bin
                0x000000000008d18c      0x7e0 cmd/load.o
 .text.do_mem_md
                0x000000000008d96c       0xe8 cmd/mem.o
 .text.do_mem_base
                0x000000000008da54       0x48 cmd/mem.o
 .text.do_mem_crc
                0x000000000008da9c       0x30 cmd/mem.o
 .text.do_random
                0x000000000008dacc       0xfc cmd/mem.o
 .text.do_mem_loop
                0x000000000008dbc8      0x120 cmd/mem.o
 .text.do_mem_cmp
                0x000000000008dce8      0x17c cmd/mem.o
 .text.mod_mem.part.0
                0x000000000008de64      0x234 cmd/mem.o
 .text.do_mem_mm
                0x000000000008e098       0x1c cmd/mem.o
 .text.do_mem_nm
                0x000000000008e0b4       0x1c cmd/mem.o
 .text.do_mem_mw
                0x000000000008e0d0      0x11c cmd/mem.o
 .text.do_mem_cp
                0x000000000008e1ec       0xb4 cmd/mem.o
 .text.extract_range
                0x000000000008e2a0       0x58 cmd/mii.o
 .text.dump_field
                0x000000000008e2f8       0x68 cmd/mii.o
 .text.do_mii   0x000000000008e360      0x7fc cmd/mii.o
 .text.extract_range
                0x000000000008eb5c       0x98 cmd/mdio.o
 .text.do_mdio  0x000000000008ebf4      0x50c cmd/mdio.o
 .text.do_sleep
                0x000000000008f100       0xec cmd/sleep.o
 .text.do_mmcops
                0x000000000008f1ec       0xe8 cmd/mmc.o
 .text.do_mmc_setdsr
                0x000000000008f2d4       0xb8 cmd/mmc.o
 .text.parse_hwpart_user_enh_size
                0x000000000008f38c       0xf4 cmd/mmc.o
 .text.do_mmc_list
                0x000000000008f480       0x1c cmd/mmc.o
 .text.print_mmcinfo
                0x000000000008f49c      0x444 cmd/mmc.o
 .text.__init_mmc_device.constprop.0
                0x000000000008f8e0       0x7c cmd/mmc.o
 .text.init_mmc_device
                0x000000000008f95c        0x4 cmd/mmc.o
 .text.do_mmc_rescan
                0x000000000008f960       0x60 cmd/mmc.o
 .text.do_mmc_hwpartition
                0x000000000008f9c0      0x508 cmd/mmc.o
 .text.do_mmc_dev
                0x000000000008fec8      0x1b0 cmd/mmc.o
 .text.do_mmc_part
                0x0000000000090078       0x64 cmd/mmc.o
 .text.do_mmc_erase
                0x00000000000900dc       0xf0 cmd/mmc.o
 .text.do_mmc_write
                0x00000000000901cc      0x10c cmd/mmc.o
 .text.do_mmc_boot_wp
                0x00000000000902d8       0x9c cmd/mmc.o
 .text.do_mmc_read
                0x0000000000090374       0xf0 cmd/mmc.o
 .text.do_mmcinfo
                0x0000000000090464       0x60 cmd/mmc.o
 .text.do_net   0x00000000000904c4       0xa4 cmd/net.o
 .text.do_net_list
                0x0000000000090568       0xb0 cmd/net.o
 .text.do_ping  0x0000000000090618       0x7c cmd/net.o
 .text.netboot_common
                0x0000000000090694      0x278 cmd/net.o
 .text.do_bootp
                0x000000000009090c        0xc cmd/net.o
 .text.do_tftpb
                0x0000000000090918        0xc cmd/net.o
                0x0000000000090918                do_tftpb
 .text.do_dhcp  0x0000000000090924        0xc cmd/net.o
 .text.do_nfs   0x0000000000090930        0xc cmd/net.o
 .text.do_part_list
                0x000000000009093c      0x18c cmd/part.o
 .text.do_part_info
                0x0000000000090ac8      0x138 cmd/part.o
 .text.do_part  0x0000000000090c00      0x208 cmd/part.o
 .text.pci_show_regions
                0x0000000000090e08      0x140 cmd/pci.o
 .text.pci_field_width
                0x0000000000090f48       0x24 cmd/pci.o
 .text.pci_show_regs
                0x0000000000090f6c       0x9c cmd/pci.o
 .text.pci_header_show
                0x0000000000091008       0xd4 cmd/pci.o
 .text.pciinfo  0x00000000000910dc      0x14c cmd/pci.o
 .text.pci_cfg_modify.constprop.0
                0x0000000000091228      0x140 cmd/pci.o
 .text.do_pci   0x0000000000091368      0x6e0 cmd/pci.o
 .text.do_pinmux
                0x0000000000091a48       0x80 cmd/pinmux.o
 .text.do_list  0x0000000000091ac8       0x9c cmd/pinmux.o
 .text.show_pinmux
                0x0000000000091b64      0x130 cmd/pinmux.o
 .text.do_status
                0x0000000000091c94       0xf4 cmd/pinmux.o
 .text.do_dev   0x0000000000091d88       0x94 cmd/pinmux.o
 .text.do_get_tftp
                0x0000000000091e1c       0x68 cmd/pxe.o
 .text.do_pxe   0x0000000000091e84       0x84 cmd/pxe.o
 .text.do_pxe_boot
                0x0000000000091f08       0xf8 cmd/pxe.o
 .text.pxe_get  0x0000000000092000      0x178 cmd/pxe.o
                0x0000000000092000                pxe_get
 .text.do_pxe_get
                0x0000000000092178       0x9c cmd/pxe.o
 .text.get_arg  0x0000000000092214       0xf8 cmd/setexpr.o
 .text.substitute
                0x000000000009230c      0x118 cmd/setexpr.o
 .text.setexpr_regex_sub
                0x0000000000092424      0x244 cmd/setexpr.o
                0x0000000000092424                setexpr_regex_sub
 .text.regex_sub_var
                0x0000000000092668      0x12c cmd/setexpr.o
 .text.do_setexpr
                0x0000000000092794      0x2b0 cmd/setexpr.o
 .text.do_sysboot
                0x0000000000092a44      0x1f8 cmd/sysboot.o
 .text.sysboot_read_file
                0x0000000000092c3c       0x78 cmd/sysboot.o
 .text.do_false
                0x0000000000092cb4        0x8 cmd/test.o
 .text.do_true  0x0000000000092cbc        0x8 cmd/test.o
 .text.do_test  0x0000000000092cc4      0x324 cmd/test.o
 .text.do_unlz4
                0x0000000000092fe8       0xc0 cmd/unlz4.o
 .text.do_unzip
                0x00000000000930a8       0xb0 cmd/unzip.o
 .text.do_gzwrite
                0x0000000000093158      0x10c cmd/unzip.o
 .text.do_lzmadec
                0x0000000000093264       0xb0 cmd/lzmadec.o
 .text.usb_get_class_desc
                0x0000000000093314       0xac cmd/usb.o
 .text.usb_display_class_sub
                0x00000000000933c0      0x19c cmd/usb.o
 .text.usb_display_desc
                0x000000000009355c      0x150 cmd/usb.o
 .text.usb_show_tree_graph
                0x00000000000936ac      0x230 cmd/usb.o
 .text.usb_show_subtree
                0x00000000000938dc       0x38 cmd/usb.o
 .text.usb_for_each_root_dev
                0x0000000000093914       0x68 cmd/usb.o
 .text.usb_display_string
                0x000000000009397c       0x4c cmd/usb.o
 .text.usb_display_config
                0x00000000000939c8      0x254 cmd/usb.o
 .text.usb_show_info
                0x0000000000093c1c       0x78 cmd/usb.o
 .text.usb_find_device
                0x0000000000093c94       0xb0 cmd/usb.o
 .text.do_usbboot
                0x0000000000093d44        0xc cmd/usb.o
 .text.do_usb_start
                0x0000000000093d50       0x28 cmd/usb.o
 .text.usb_show_tree
                0x0000000000093d78        0xc cmd/usb.o
                0x0000000000093d78                usb_show_tree
 .text.do_usb   0x0000000000093d84      0x3f0 cmd/usb.o
 .text.common_diskboot
                0x0000000000094174      0x19c cmd/disk.o
                0x0000000000094174                common_diskboot
 .text.do_fs_uuid_wrapper
                0x0000000000094310        0x8 cmd/fs_uuid.o
 .text.do_imgextract
                0x0000000000094318      0x288 cmd/ximg.o
 .text.do_dfu   0x00000000000945a0      0x108 cmd/dfu.o
 .text.do_env_delete
                0x00000000000946a8       0xc4 cmd/nvedit.o
 .text.do_env_save
                0x000000000009476c       0x1c cmd/nvedit.o
 .text.do_env   0x0000000000094788       0x84 cmd/nvedit.o
 .text.env_print
                0x000000000009480c       0xc4 cmd/nvedit.o
 .text.do_env_print
                0x00000000000948d0       0xe0 cmd/nvedit.o
 .text.do_env_import
                0x00000000000949b0      0x2b0 cmd/nvedit.o
 .text.do_env_default
                0x0000000000094c60       0x98 cmd/nvedit.o
 .text.do_env_exists
                0x0000000000094cf8       0x60 cmd/nvedit.o
 .text._do_env_set.constprop.0
                0x0000000000094d58      0x1bc cmd/nvedit.o
 .text.do_env_edit
                0x0000000000094f14       0xd4 cmd/nvedit.o
 .text.do_env_set
                0x0000000000094fe8       0x20 cmd/nvedit.o
 .text.env_get_id
                0x0000000000095008        0xc cmd/nvedit.o
                0x0000000000095008                env_get_id
 .text.env_set  0x0000000000095014       0x58 cmd/nvedit.o
                0x0000000000095014                env_set
 .text.do_env_export
                0x000000000009506c      0x224 cmd/nvedit.o
 .text.board_init_f_alloc_reserve
                0x0000000000095290       0x10 common/init/board_init.o
                0x0000000000095290                board_init_f_alloc_reserve
 .text.board_init_f_init_reserve
                0x00000000000952a0       0x30 common/init/board_init.o
                0x00000000000952a0                board_init_f_init_reserve
 .text.main_loop
                0x00000000000952d0       0x60 common/main.o
                0x00000000000952d0                main_loop
 .text.mdelay   0x0000000000095330        0xc common/exports.o
 .text.dummy    0x000000000009533c        0x4 common/exports.o
 .text.get_version
                0x0000000000095340        0x8 common/exports.o
                0x0000000000095340                get_version
 .text.jumptable_init
                0x0000000000095348      0x1fc common/exports.o
                0x0000000000095348                jumptable_init
 .text.b_reset  0x0000000000095544       0x18 common/cli_hush.o
 .text.static_get
                0x000000000009555c       0x1c common/cli_hush.o
 .text.static_peek
                0x0000000000095578        0xc common/cli_hush.o
 .text.mapset   0x0000000000095584       0x20 common/cli_hush.o
 .text.syntax_err
                0x00000000000955a4        0xc common/cli_hush.o
 .text.xmalloc  0x00000000000955b0       0x28 common/cli_hush.o
 .text.new_pipe
                0x00000000000955d8       0x24 common/cli_hush.o
 .text.xrealloc
                0x00000000000955fc       0x28 common/cli_hush.o
 .text.do_showvar
                0x0000000000095624      0x10c common/cli_hush.o
 .text.is_assignment
                0x0000000000095730       0x50 common/cli_hush.o
 .text.b_addchr
                0x0000000000095780       0x94 common/cli_hush.o
 .text.file_get
                0x0000000000095814      0x1dc common/cli_hush.o
 .text.done_command.isra.0
                0x00000000000959f0       0x90 common/cli_hush.o
 .text.done_pipe.isra.0
                0x0000000000095a80       0x50 common/cli_hush.o
 .text.done_word
                0x0000000000095ad0      0x2a0 common/cli_hush.o
 .text.free_pipe_list.isra.0
                0x0000000000095d70       0xd0 common/cli_hush.o
 .text.b_addqchr.isra.0
                0x0000000000095e40       0x58 common/cli_hush.o
 .text.file_peek
                0x0000000000095e98        0xc common/cli_hush.o
 .text.get_local_var
                0x0000000000095ea4       0x9c common/cli_hush.o
                0x0000000000095ea4                get_local_var
 .text.set_local_var
                0x0000000000095f40      0x184 common/cli_hush.o
                0x0000000000095f40                set_local_var
 .text.insert_var_value_sub
                0x00000000000960c4      0x2b4 common/cli_hush.o
 .text.parse_string_outer
                0x0000000000096378       0xe4 common/cli_hush.o
                0x0000000000096378                parse_string_outer
 .text.run_list_real
                0x000000000009645c      0x744 common/cli_hush.o
 .text.parse_stream_outer
                0x0000000000096ba0      0x66c common/cli_hush.o
 .text.parse_file_outer
                0x000000000009720c       0x40 common/cli_hush.o
                0x000000000009720c                parse_file_outer
 .text.u_boot_hush_start
                0x000000000009724c       0x58 common/cli_hush.o
                0x000000000009724c                u_boot_hush_start
 .text.bootdelay_process
                0x00000000000972a4       0xc4 common/autoboot.o
                0x00000000000972a4                bootdelay_process
 .text.autoboot_command
                0x0000000000097368      0x130 common/autoboot.o
                0x0000000000097368                autoboot_command
 .text.log_init
                0x0000000000097498        0x8 common/board_f.o
 .text.display_text_info
                0x00000000000974a0        0x8 common/board_f.o
 .text.setup_mon_len
                0x00000000000974a8       0x20 common/board_f.o
 .text.reserve_round_4k
                0x00000000000974c8       0x14 common/board_f.o
 .text.reserve_uboot
                0x00000000000974dc       0x38 common/board_f.o
 .text.reserve_malloc
                0x0000000000097514       0x18 common/board_f.o
 .text.checkcpu
                0x000000000009752c        0x8 common/board_f.o
                0x000000000009752c                checkcpu
 .text.setup_reloc
                0x0000000000097534       0x40 common/board_f.o
 .text.reloc_fdt
                0x0000000000097574       0x4c common/board_f.o
 .text.reserve_video
                0x00000000000975c0       0x2c common/board_f.o
 .text.announce_dram_init
                0x00000000000975ec       0x20 common/board_f.o
 .text.misc_init_f
                0x000000000009760c        0x8 common/board_f.o
 .text.init_baud_rate
                0x0000000000097614       0x30 common/board_f.o
 .text.initf_dm
                0x0000000000097644        0x8 common/board_f.o
 .text.cyclic_init
                0x000000000009764c        0x8 common/board_f.o
 .text.setup_spl_handoff
                0x0000000000097654        0x8 common/board_f.o
 .text.reserve_trace
                0x000000000009765c        0x8 common/board_f.o
 .text.reserve_bootstage
                0x0000000000097664        0x8 common/board_f.o
 .text.reserve_bloblist
                0x000000000009766c        0x8 common/board_f.o
 .text.display_new_sp
                0x0000000000097674        0x8 common/board_f.o
 .text.reloc_bootstage
                0x000000000009767c        0x8 common/board_f.o
 .text.reloc_bloblist
                0x0000000000097684        0x8 common/board_f.o
 .text.initf_bootstage
                0x000000000009768c        0x8 common/board_f.o
 .text.reserve_arch
                0x0000000000097694        0x8 common/board_f.o
                0x0000000000097694                reserve_arch
 .text.clear_bss
                0x000000000009769c        0x8 common/board_f.o
                0x000000000009769c                clear_bss
 .text.reserve_board
                0x00000000000976a4       0x4c common/board_f.o
 .text.reserve_fdt
                0x00000000000976f0       0x48 common/board_f.o
 .text.reserve_global_data
                0x0000000000097738       0x20 common/board_f.o
 .text.board_add_ram_info
                0x0000000000097758        0x4 common/board_f.o
                0x0000000000097758                board_add_ram_info
 .text.show_dram_config
                0x000000000009775c      0x228 common/board_f.o
 .text.arch_setup_dest_addr
                0x0000000000097984        0x8 common/board_f.o
                0x0000000000097984                arch_setup_dest_addr
 .text.setup_dest_addr
                0x000000000009798c       0x44 common/board_f.o
 .text.reserve_stacks
                0x00000000000979d0       0x14 common/board_f.o
 .text.setup_bdinfo
                0x00000000000979e4        0xc common/board_f.o
                0x00000000000979e4                setup_bdinfo
 .text.board_init_f
                0x00000000000979f0       0x7c common/board_f.o
                0x00000000000979f0                board_init_f
 .text.log_init
                0x0000000000097a6c        0x8 common/board_r.o
 .text.cpu_secondary_init_r
                0x0000000000097a74        0x8 common/board_r.o
                0x0000000000097a74                cpu_secondary_init_r
 .text.initr_trace
                0x0000000000097a7c        0x8 common/board_r.o
 .text.initr_reloc
                0x0000000000097a84       0x18 common/board_r.o
 .text.run_main_loop
                0x0000000000097a9c       0x10 common/board_r.o
 .text.initr_net
                0x0000000000097aac       0x24 common/board_r.o
 .text.initr_env
                0x0000000000097ad0       0x70 common/board_r.o
 .text.initr_mmc
                0x0000000000097b40       0x28 common/board_r.o
 .text.dm_announce
                0x0000000000097b68       0x7c common/board_r.o
 .text.initr_dm
                0x0000000000097be4       0x14 common/board_r.o
 .text.initr_malloc
                0x0000000000097bf8       0x28 common/board_r.o
 .text.initr_reloc_global_data
                0x0000000000097c20       0x50 common/board_r.o
 .text.initr_caches
                0x0000000000097c70       0x18 common/board_r.o
 .text.cyclic_init
                0x0000000000097c88        0x8 common/board_r.o
 .text.arch_initr_trap
                0x0000000000097c90        0x8 common/board_r.o
                0x0000000000097c90                arch_initr_trap
 .text.initr_barrier
                0x0000000000097c98        0x8 common/board_r.o
 .text.initr_of_live
                0x0000000000097ca0        0x8 common/board_r.o
 .text.initr_dm_devices
                0x0000000000097ca8        0x8 common/board_r.o
 .text.initr_bootstage
                0x0000000000097cb0        0x8 common/board_r.o
 .text.power_init_board
                0x0000000000097cb8        0x8 common/board_r.o
                0x0000000000097cb8                power_init_board
 .text.initr_announce
                0x0000000000097cc0        0x8 common/board_r.o
 .text.initr_binman
                0x0000000000097cc8        0x8 common/board_r.o
 .text.board_init_r
                0x0000000000097cd0       0x70 common/board_r.o
                0x0000000000097cd0                board_init_r
 .text.fdt_simplefb_configure_node
                0x0000000000097d40       0xa0 common/fdt_simplefb.o
 .text.fdt_simplefb_add_node
                0x0000000000097de0       0x94 common/fdt_simplefb.o
                0x0000000000097de0                fdt_simplefb_add_node
 .text.of_bus_default_map
                0x0000000000097e74       0xa4 common/fdt_support.o
 .text.fdt_read_prop
                0x0000000000097f18       0x60 common/fdt_support.o
 .text.fdt_pack_reg
                0x0000000000097f78       0xd8 common/fdt_support.o
 .text.of_bus_default_translate
                0x0000000000098050       0x98 common/fdt_support.o
 .text.fdt_support_default_count_cells
                0x00000000000980e8       0x70 common/fdt_support.o
                0x00000000000980e8                fdt_support_default_count_cells
 .text.__of_translate_address
                0x0000000000098158      0x224 common/fdt_support.o
 .text.fdt_getprop_u32_default_node
                0x000000000009837c       0x4c common/fdt_support.o
                0x000000000009837c                fdt_getprop_u32_default_node
 .text.fdt_find_and_setprop
                0x00000000000983c8       0x94 common/fdt_support.o
                0x00000000000983c8                fdt_find_and_setprop
 .text.fdt_find_or_add_subnode
                0x000000000009845c       0x74 common/fdt_support.o
                0x000000000009845c                fdt_find_or_add_subnode
 .text.fdt_root
                0x00000000000984d0       0x98 common/fdt_support.o
                0x00000000000984d0                fdt_root
 .text.fdt_initrd
                0x0000000000098568      0x1b4 common/fdt_support.o
                0x0000000000098568                fdt_initrd
 .text.board_fdt_chosen_bootargs
                0x000000000009871c        0xc common/fdt_support.o
                0x000000000009871c                board_fdt_chosen_bootargs
 .text.fdt_chosen
                0x0000000000098728      0x104 common/fdt_support.o
                0x0000000000098728                fdt_chosen
 .text.do_fixup_by_path
                0x000000000009882c       0x4c common/fdt_support.o
                0x000000000009882c                do_fixup_by_path
 .text.fdt_fixup_memory_banks
                0x0000000000098878      0x184 common/fdt_support.o
                0x0000000000098878                fdt_fixup_memory_banks
 .text.fdt_fixup_memory
                0x00000000000989fc       0x24 common/fdt_support.o
                0x00000000000989fc                fdt_fixup_memory
 .text.fdt_fixup_ethernet
                0x0000000000098a20      0x1b4 common/fdt_support.o
                0x0000000000098a20                fdt_fixup_ethernet
 .text.fdt_shrink_to_minimum
                0x0000000000098bd4       0xe0 common/fdt_support.o
                0x0000000000098bd4                fdt_shrink_to_minimum
 .text.fdt_translate_address
                0x0000000000098cb4        0xc common/fdt_support.o
                0x0000000000098cb4                fdt_translate_address
 .text.fdt_translate_dma_address
                0x0000000000098cc0        0xc common/fdt_support.o
                0x0000000000098cc0                fdt_translate_dma_address
 .text.fdt_get_dma_range
                0x0000000000098ccc      0x1d8 common/fdt_support.o
                0x0000000000098ccc                fdt_get_dma_range
 .text.fdt_read_range
                0x0000000000098ea4      0x154 common/fdt_support.o
                0x0000000000098ea4                fdt_read_range
 .text.fdt_setup_simplefb_node
                0x0000000000098ff8      0x1d4 common/fdt_support.o
                0x0000000000098ff8                fdt_setup_simplefb_node
 .text.fdt_overlay_apply_verbose
                0x00000000000991cc       0x80 common/fdt_support.o
                0x00000000000991cc                fdt_overlay_apply_verbose
 .text.fdt_valid
                0x000000000009924c       0xcc common/fdt_support.o
                0x000000000009924c                fdt_valid
 .text.miiphy_get_dev_by_name
                0x0000000000099318       0x68 common/miiphyutil.o
                0x0000000000099318                miiphy_get_dev_by_name
 .text.miiphy_init
                0x0000000000099380       0x18 common/miiphyutil.o
                0x0000000000099380                miiphy_init
 .text.mdio_alloc
                0x0000000000099398       0x3c common/miiphyutil.o
                0x0000000000099398                mdio_alloc
 .text.mdio_register
                0x00000000000993d4       0x90 common/miiphyutil.o
                0x00000000000993d4                mdio_register
 .text.mdio_list_devices
                0x0000000000099464       0xc4 common/miiphyutil.o
                0x0000000000099464                mdio_list_devices
 .text.miiphy_set_current_dev
                0x0000000000099528       0x48 common/miiphyutil.o
                0x0000000000099528                miiphy_set_current_dev
 .text.miiphy_get_active_dev
                0x0000000000099570       0x54 common/miiphyutil.o
 .text.mdio_get_current_dev
                0x00000000000995c4        0xc common/miiphyutil.o
                0x00000000000995c4                mdio_get_current_dev
 .text.mdio_phydev_for_ethname
                0x00000000000995d0       0x9c common/miiphyutil.o
                0x00000000000995d0                mdio_phydev_for_ethname
 .text.miiphy_get_current_dev
                0x000000000009966c       0x14 common/miiphyutil.o
                0x000000000009966c                miiphy_get_current_dev
 .text.miiphy_read
                0x0000000000099680       0x5c common/miiphyutil.o
                0x0000000000099680                miiphy_read
 .text.miiphy_write
                0x00000000000996dc       0x60 common/miiphyutil.o
                0x00000000000996dc                miiphy_write
 .text.miiphy_listdev
                0x000000000009973c       0x90 common/miiphyutil.o
                0x000000000009973c                miiphy_listdev
 .text.miiphy_info
                0x00000000000997cc       0xa0 common/miiphyutil.o
                0x00000000000997cc                miiphy_info
 .text.miiphy_speed
                0x000000000009986c       0xc8 common/miiphyutil.o
                0x000000000009986c                miiphy_speed
 .text.miiphy_duplex
                0x0000000000099934       0xc8 common/miiphyutil.o
                0x0000000000099934                miiphy_duplex
 .text.miiphy_is_1000base_x
                0x00000000000999fc        0x8 common/miiphyutil.o
                0x00000000000999fc                miiphy_is_1000base_x
 .text.usb_set_maxpacket_ep
                0x0000000000099a04       0x84 common/usb.o
 .text.usb_int_msg
                0x0000000000099a88        0x4 common/usb.o
                0x0000000000099a88                usb_int_msg
 .text.usb_control_msg
                0x0000000000099a8c       0xa0 common/usb.o
                0x0000000000099a8c                usb_control_msg
 .text.usb_get_descriptor
                0x0000000000099b2c       0x5c common/usb.o
 .text.get_descriptor_len
                0x0000000000099b88       0xa4 common/usb.o
 .text.usb_setup_descriptor
                0x0000000000099c2c       0xdc common/usb.o
 .text.usb_get_string
                0x0000000000099d08       0xa4 common/usb.o
 .text.usb_string_sub
                0x0000000000099dac      0x118 common/usb.o
 .text.usb_bulk_msg
                0x0000000000099ec4       0x7c common/usb.o
                0x0000000000099ec4                usb_bulk_msg
 .text.usb_maxpacket
                0x0000000000099f40       0x1c common/usb.o
                0x0000000000099f40                usb_maxpacket
 .text.usb_clear_halt
                0x0000000000099f5c       0x9c common/usb.o
                0x0000000000099f5c                usb_clear_halt
 .text.usb_get_configuration_len
                0x0000000000099ff8       0x78 common/usb.o
                0x0000000000099ff8                usb_get_configuration_len
 .text.usb_get_configuration_no
                0x000000000009a070       0x40 common/usb.o
                0x000000000009a070                usb_get_configuration_no
 .text.usb_set_interface
                0x000000000009a0b0       0xbc common/usb.o
                0x000000000009a0b0                usb_set_interface
 .text.usb_set_protocol
                0x000000000009a16c       0x4c common/usb.o
                0x000000000009a16c                usb_set_protocol
 .text.usb_set_idle
                0x000000000009a1b8       0x4c common/usb.o
                0x000000000009a1b8                usb_set_idle
 .text.usb_string
                0x000000000009a204      0x110 common/usb.o
                0x000000000009a204                usb_string
 .text.usb_select_config
                0x000000000009a314      0x4b8 common/usb.o
                0x000000000009a314                usb_select_config
 .text.usb_setup_device
                0x000000000009a7cc      0x114 common/usb.o
                0x000000000009a7cc                usb_setup_device
 .text.usb_device_has_child_on_port
                0x000000000009a8e0        0x8 common/usb.o
                0x000000000009a8e0                usb_device_has_child_on_port
 .text.usb_set_port_feature
                0x000000000009a8e8       0x4c common/usb_hub.o
 .text.usb_get_hub_descriptor
                0x000000000009a934       0x64 common/usb_hub.o
 .text.usb_clear_port_feature.isra.0
                0x000000000009a998       0x4c common/usb_hub.o
 .text.usb_hub_reset_devices
                0x000000000009a9e4        0x4 common/usb_hub.o
                0x000000000009a9e4                usb_hub_reset_devices
 .text.usb_hub_is_root_hub
                0x000000000009a9e8       0x20 common/usb_hub.o
                0x000000000009a9e8                usb_hub_is_root_hub
 .text.usb_get_port_status
                0x000000000009aa08       0xc8 common/usb_hub.o
                0x000000000009aa08                usb_get_port_status
 .text.usb_hub_port_connect_change
                0x000000000009aad0      0x184 common/usb_hub.o
                0x000000000009aad0                usb_hub_port_connect_change
 .text.usb_hub_configure
                0x000000000009ac54      0x578 common/usb_hub.o
 .text.usb_hub_scan
                0x000000000009b1cc       0x14 common/usb_hub.o
                0x000000000009b1cc                usb_hub_scan
 .text.usb_hub_post_probe
                0x000000000009b1e0        0x4 common/usb_hub.o
 .text.usb_stor_irq
                0x000000000009b1e4       0x18 common/usb_storage.o
 .text.usb_stor_BBB_reset
                0x000000000009b1fc       0xec common/usb_storage.o
 .text.usb_stor_CB_reset
                0x000000000009b2e8       0xd4 common/usb_storage.o
 .text.usb_stor_CB_comdat
                0x000000000009b3bc      0x1e8 common/usb_storage.o
 .text.usb_stor_CBI_get_status
                0x000000000009b5a4       0xd4 common/usb_storage.o
 .text.usb_stor_CB_transport
                0x000000000009b678      0x1ec common/usb_storage.o
 .text.usb_request_sense.constprop.0.isra.0
                0x000000000009b864       0x8c common/usb_storage.o
 .text.usb_stor_write
                0x000000000009b8f0      0x19c common/usb_storage.o
 .text.usb_stor_read
                0x000000000009ba8c      0x19c common/usb_storage.o
 .text.usb_stor_BBB_clear_endpt_stall.isra.0
                0x000000000009bc28       0x4c common/usb_storage.o
 .text.usb_stor_BBB_transport
                0x000000000009bc74      0x244 common/usb_storage.o
 .text.usb_stor_info
                0x000000000009beb8       0x88 common/usb_storage.o
                0x000000000009beb8                usb_stor_info
 .text.usb_stor_reset
                0x000000000009bf40        0xc common/usb_storage.o
                0x000000000009bf40                usb_stor_reset
 .text.usb_stor_scan
                0x000000000009bf4c       0x4c common/usb_storage.o
                0x000000000009bf4c                usb_stor_scan
 .text.usb_storage_probe
                0x000000000009bf98      0x248 common/usb_storage.o
                0x000000000009bf98                usb_storage_probe
 .text.usb_stor_get_info
                0x000000000009c1e0      0x2f0 common/usb_storage.o
                0x000000000009c1e0                usb_stor_get_info
 .text.usb_mass_storage_probe
                0x000000000009c4d0      0x1d4 common/usb_storage.o
 .text.iomux_match_device
                0x000000000009c6a4       0x38 common/iomux.o
                0x000000000009c6a4                iomux_match_device
 .text.iomux_doenv
                0x000000000009c6dc      0x1d4 common/iomux.o
                0x000000000009c6dc                iomux_doenv
 .text.iomux_replace_device
                0x000000000009c8b0      0x130 common/iomux.o
                0x000000000009c8b0                iomux_replace_device
 .text.menu_default_set
                0x000000000009c9e0       0xac common/menu.o
                0x000000000009c9e0                menu_default_set
 .text.menu_get_choice
                0x000000000009ca8c      0x1d0 common/menu.o
                0x000000000009ca8c                menu_get_choice
 .text.menu_item_add
                0x000000000009cc5c      0x110 common/menu.o
                0x000000000009cc5c                menu_item_add
 .text.menu_create
                0x000000000009cd6c       0xa8 common/menu.o
                0x000000000009cd6c                menu_create
 .text.menu_destroy
                0x000000000009ce14       0x80 common/menu.o
                0x000000000009ce14                menu_destroy
 .text.usb_kbd_put_queue
                0x000000000009ce94       0x3c common/usb_kbd.o
 .text.usb_kbd_translate
                0x000000000009ced0      0x2a0 common/usb_kbd.o
 .text.usb_kbd_remove
                0x000000000009d170       0xb4 common/usb_kbd.o
 .text.usb_kbd_probe
                0x000000000009d224      0x218 common/usb_kbd.o
 .text.usb_kbd_service_key.isra.0
                0x000000000009d43c       0x90 common/usb_kbd.o
 .text.usb_kbd_irq_worker
                0x000000000009d4cc      0x13c common/usb_kbd.o
 .text.usb_kbd_getc
                0x000000000009d608       0x74 common/usb_kbd.o
 .text.usb_kbd_testc
                0x000000000009d67c       0x9c common/usb_kbd.o
 .text.usb_kbd_irq
                0x000000000009d718       0x20 common/usb_kbd.o
 .text.cread_add_char
                0x000000000009d738      0x110 common/cli_readline.o
 .text.delete_char
                0x000000000009d848      0x108 common/cli_readline.o
 .text.cli_readline_into_buffer
                0x000000000009d950      0x904 common/cli_readline.o
                0x000000000009d950                cli_readline_into_buffer
 .text.cli_readline
                0x000000000009e254       0x14 common/cli_readline.o
                0x000000000009e254                cli_readline
 .text.cli_simple_process_macros
                0x000000000009e268      0x220 common/cli_simple.o
                0x000000000009e268                cli_simple_process_macros
 .text.console_tstc
                0x000000000009e488       0xa4 common/console.o
 .text.console_putc
                0x000000000009e52c       0x74 common/console.o
 .text.console_puts
                0x000000000009e5a0       0x74 common/console.o
 .text.console_flush
                0x000000000009e614       0x64 common/console.o
 .text.on_console
                0x000000000009e678       0xc0 common/console.o
 .text.console_needs_start_stop
                0x000000000009e738       0x78 common/console.o
 .text.serial_printf
                0x000000000009e7b0       0x88 common/console.o
                0x000000000009e7b0                serial_printf
 .text.putc     0x000000000009e838       0x2c common/console.o
                0x000000000009e838                putc
 .text.puts     0x000000000009e864       0x28 common/console.o
                0x000000000009e864                puts
 .text.flush    0x000000000009e88c       0x24 common/console.o
                0x000000000009e88c                flush
 .text.tstc     0x000000000009e8b0       0x24 common/console.o
                0x000000000009e8b0                tstc
 .text.fgetc.part.0
                0x000000000009e8d4       0x44 common/console.o
 .text.getchar  0x000000000009e918       0x24 common/console.o
                0x000000000009e918                getchar
 .text.console_start
                0x000000000009e93c       0x48 common/console.o
                0x000000000009e93c                console_start
 .text.console_stop
                0x000000000009e984       0x44 common/console.o
                0x000000000009e984                console_stop
 .text.fputs    0x000000000009e9c8       0x10 common/console.o
                0x000000000009e9c8                fputs
 .text.ctrlc    0x000000000009e9d8       0x54 common/console.o
                0x000000000009e9d8                ctrlc
 .text.disable_ctrlc
                0x000000000009ea2c       0x14 common/console.o
                0x000000000009ea2c                disable_ctrlc
 .text.had_ctrlc
                0x000000000009ea40        0xc common/console.o
                0x000000000009ea40                had_ctrlc
 .text.clear_ctrlc
                0x000000000009ea4c        0xc common/console.o
                0x000000000009ea4c                clear_ctrlc
 .text.console_search_dev
                0x000000000009ea58       0x34 common/console.o
                0x000000000009ea58                console_search_dev
 .text.console_assign
                0x000000000009ea8c       0xe4 common/console.o
                0x000000000009ea8c                console_assign
 .text.console_init_f
                0x000000000009eb70       0x18 common/console.o
                0x000000000009eb70                console_init_f
 .text.stdio_print_current_devices
                0x000000000009eb88       0xbc common/console.o
                0x000000000009eb88                stdio_print_current_devices
 .text.console_init_r
                0x000000000009ec44      0x1d0 common/console.o
                0x000000000009ec44                console_init_r
 .text.sbrk     0x000000000009ee14       0x70 common/dlmalloc.o
                0x000000000009ee14                sbrk
 .text.mem_malloc_init
                0x000000000009ee84       0x28 common/dlmalloc.o
                0x000000000009ee84                mem_malloc_init
 .text.malloc_trim
                0x000000000009eeac       0xd4 common/dlmalloc.o
                0x000000000009eeac                malloc_trim
 .text.free     0x000000000009ef80      0x22c common/dlmalloc.o
                0x000000000009ef80                free
 .text.malloc   0x000000000009f1ac      0x640 common/dlmalloc.o
                0x000000000009f1ac                malloc
 .text.calloc   0x000000000009f7ec       0xdc common/dlmalloc.o
                0x000000000009f7ec                calloc
 .text.realloc  0x000000000009f8c8      0x460 common/dlmalloc.o
                0x000000000009f8c8                realloc
 .text.memalign
                0x000000000009fd28      0x1ac common/dlmalloc.o
                0x000000000009fd28                memalign
 .text.initf_malloc
                0x000000000009fed4       0x18 common/dlmalloc.o
                0x000000000009fed4                initf_malloc
 .text.alloc_simple
                0x000000000009feec       0x6c common/malloc_simple.o
 .text.malloc_simple
                0x000000000009ff58        0x8 common/malloc_simple.o
                0x000000000009ff58                malloc_simple
 .text.memalign_simple
                0x000000000009ff60       0x10 common/malloc_simple.o
                0x000000000009ff60                memalign_simple
 .text.event_notify
                0x000000000009ff70       0xdc common/event.o
                0x000000000009ff70                event_notify
 .text.event_notify_null
                0x00000000000a004c        0xc common/event.o
                0x00000000000a004c                event_notify_null
 .text.event_register
                0x00000000000a0058       0x74 common/event.o
                0x00000000000a0058                event_register
 .text.event_init
                0x00000000000a00cc       0x10 common/event.o
                0x00000000000a00cc                event_init
 .text.hash_finish_crc32
                0x00000000000a00dc       0x38 common/hash.o
 .text.hash_finish_crc16_ccitt
                0x00000000000a0114       0x38 common/hash.o
 .text.hash_update_crc32
                0x00000000000a014c       0x34 common/hash.o
 .text.hash_init_crc32
                0x00000000000a0180       0x30 common/hash.o
 .text.hash_init_crc16_ccitt
                0x00000000000a01b0       0x30 common/hash.o
 .text.hash_update_crc16_ccitt
                0x00000000000a01e0       0x34 common/hash.o
 .text.hash_lookup_algo
                0x00000000000a0214       0x68 common/hash.o
                0x00000000000a0214                hash_lookup_algo
 .text.hash_command
                0x00000000000a027c       0xc8 common/hash.o
                0x00000000000a027c                hash_command
 .text.get_effective_memsize
                0x00000000000a0344       0x28 common/memsize.o
                0x00000000000a0344                get_effective_memsize
 .text.nulldev_putc
                0x00000000000a036c        0x4 common/stdio.o
 .text.nulldev_puts
                0x00000000000a0370        0x4 common/stdio.o
 .text.nulldev_input
                0x00000000000a0374        0x8 common/stdio.o
 .text.stdio_serial_tstc
                0x00000000000a037c        0x4 common/stdio.o
 .text.stdio_serial_getc
                0x00000000000a0380        0x4 common/stdio.o
 .text.stdio_serial_flush
                0x00000000000a0384        0x4 common/stdio.o
 .text.stdio_serial_puts
                0x00000000000a0388        0x8 common/stdio.o
 .text.stdio_serial_putc
                0x00000000000a0390        0x8 common/stdio.o
 .text.stdio_file_to_flags
                0x00000000000a0398       0x24 common/stdio.o
                0x00000000000a0398                stdio_file_to_flags
 .text.stdio_get_list
                0x00000000000a03bc        0xc common/stdio.o
                0x00000000000a03bc                stdio_get_list
 .text.stdio_get_by_name
                0x00000000000a03c8       0xfc common/stdio.o
                0x00000000000a03c8                stdio_get_by_name
 .text.stdio_clone
                0x00000000000a04c4       0x4c common/stdio.o
                0x00000000000a04c4                stdio_clone
 .text.stdio_register_dev
                0x00000000000a0510       0x60 common/stdio.o
                0x00000000000a0510                stdio_register_dev
 .text.stdio_register
                0x00000000000a0570        0x8 common/stdio.o
                0x00000000000a0570                stdio_register
 .text.stdio_deregister_dev
                0x00000000000a0578      0x104 common/stdio.o
                0x00000000000a0578                stdio_deregister_dev
 .text.stdio_init_tables
                0x00000000000a067c       0x1c common/stdio.o
                0x00000000000a067c                stdio_init_tables
 .text.stdio_add_devices
                0x00000000000a0698      0x128 common/stdio.o
                0x00000000000a0698                stdio_add_devices
 .text.run_command
                0x00000000000a07c0       0x14 common/cli.o
                0x00000000000a07c0                run_command
 .text.run_command_list
                0x00000000000a07d4       0x94 common/cli.o
                0x00000000000a07d4                run_command_list
 .text.do_run   0x00000000000a0868       0x7c common/cli.o
                0x00000000000a0868                do_run
 .text.cli_process_fdt
                0x00000000000a08e4       0x48 common/cli.o
                0x00000000000a08e4                cli_process_fdt
 .text.cli_secure_boot_cmd
                0x00000000000a092c       0x74 common/cli.o
                0x00000000000a092c                cli_secure_boot_cmd
 .text.cli_loop
                0x00000000000a09a0       0x10 common/cli.o
                0x00000000000a09a0                cli_loop
 .text.cli_init
                0x00000000000a09b0        0x4 common/cli.o
                0x00000000000a09b0                cli_init
 .text.run_usb_dnl_gadget
                0x00000000000a09b4      0x144 common/dfu.o
                0x00000000000a09b4                run_usb_dnl_gadget
 .text.find_cmd_tbl
                0x00000000000a0af8       0xc0 common/command.o
                0x00000000000a0af8                find_cmd_tbl
 .text.find_cmd
                0x00000000000a0bb8       0x38 common/command.o
                0x00000000000a0bb8                find_cmd
 .text.cmd_usage
                0x00000000000a0bf0       0x68 common/command.o
                0x00000000000a0bf0                cmd_usage
 .text._do_help
                0x00000000000a0c58      0x18c common/command.o
                0x00000000000a0c58                _do_help
 .text.var_complete
                0x00000000000a0de4       0x74 common/command.o
                0x00000000000a0de4                var_complete
 .text.complete_subcmdv
                0x00000000000a0e58      0x1b0 common/command.o
                0x00000000000a0e58                complete_subcmdv
 .text.cmd_auto_complete
                0x00000000000a1008      0x414 common/command.o
                0x00000000000a1008                cmd_auto_complete
 .text.cmd_get_data_size
                0x00000000000a141c       0x68 common/command.o
                0x00000000000a141c                cmd_get_data_size
 .text.cmd_always_repeatable
                0x00000000000a1484       0x14 common/command.o
                0x00000000000a1484                cmd_always_repeatable
 .text.cmd_never_repeatable
                0x00000000000a1498       0x10 common/command.o
                0x00000000000a1498                cmd_never_repeatable
 .text.cmd_discard_repeatable
                0x00000000000a14a8       0x1c common/command.o
                0x00000000000a14a8                cmd_discard_repeatable
 .text.cmd_process
                0x00000000000a14c4      0x170 common/command.o
                0x00000000000a14c4                cmd_process
 .text.cmd_process_error
                0x00000000000a1634       0x40 common/command.o
                0x00000000000a1634                cmd_process_error
 .text.hex1_bin
                0x00000000000a1674       0x44 common/s_record.o
 .text.hex2_bin
                0x00000000000a16b8       0x40 common/s_record.o
 .text.srec_decode
                0x00000000000a16f8      0x200 common/s_record.o
                0x00000000000a16f8                srec_decode
 .text.CYGACC_COMM_IF_GETC_TIMEOUT.constprop.0
                0x00000000000a18f8       0x54 common/xyzModem.o
 .text.xyzModem_flush
                0x00000000000a194c       0x1c common/xyzModem.o
 .text.xyzModem_get_hdr
                0x00000000000a1968      0x224 common/xyzModem.o
 .text.xyzModem_stream_open
                0x00000000000a1b8c      0x2ac common/xyzModem.o
                0x00000000000a1b8c                xyzModem_stream_open
 .text.xyzModem_stream_read
                0x00000000000a1e38      0x2e4 common/xyzModem.o
                0x00000000000a1e38                xyzModem_stream_read
 .text.xyzModem_stream_close
                0x00000000000a211c        0x4 common/xyzModem.o
                0x00000000000a211c                xyzModem_stream_close
 .text.xyzModem_stream_terminate
                0x00000000000a2120       0xa4 common/xyzModem.o
                0x00000000000a2120                xyzModem_stream_terminate
 .text.xyzModem_error
                0x00000000000a21c4       0x24 common/xyzModem.o
                0x00000000000a21c4                xyzModem_error
 .text.part_driver_lookup_type
                0x00000000000a21e8       0xac disk/part.o
 .text.dev_print
                0x00000000000a2294      0x22c disk/part.o
                0x00000000000a2294                dev_print
 .text.part_init
                0x00000000000a24c0       0x8c disk/part.o
                0x00000000000a24c0                part_init
 .text.part_print
                0x00000000000a254c      0x170 disk/part.o
                0x00000000000a254c                part_print
 .text.part_get_info
                0x00000000000a26bc       0x6c disk/part.o
                0x00000000000a26bc                part_get_info
 .text.part_get_info_whole_disk
                0x00000000000a2728       0x5c disk/part.o
                0x00000000000a2728                part_get_info_whole_disk
 .text.blk_get_device_by_str
                0x00000000000a2784      0x144 disk/part.o
                0x00000000000a2784                blk_get_device_by_str
 .text.blk_get_device_part_str
                0x00000000000a28c8      0x3a8 disk/part.o
                0x00000000000a28c8                blk_get_device_part_str
 .text.part_get_info_by_name_type
                0x00000000000a2c70       0xa4 disk/part.o
                0x00000000000a2c70                part_get_info_by_name_type
 .text.part_get_info_by_name
                0x00000000000a2d14        0x8 disk/part.o
                0x00000000000a2d14                part_get_info_by_name
 .text.part_get_info_by_dev_and_name_or_num
                0x00000000000a2d1c       0xfc disk/part.o
                0x00000000000a2d1c                part_get_info_by_dev_and_name_or_num
 .text.part_set_generic_name
                0x00000000000a2e18       0xa4 disk/part.o
                0x00000000000a2e18                part_set_generic_name
 .text.blk_part_erase
                0x00000000000a2ebc       0xa8 disk/disk-uclass.o
 .text.blk_part_write
                0x00000000000a2f64       0xb0 disk/disk-uclass.o
 .text.blk_part_read
                0x00000000000a3014       0xb0 disk/disk-uclass.o
 .text.dev_get_blk
                0x00000000000a30c4       0x40 disk/disk-uclass.o
 .text.part_create_block_devices
                0x00000000000a3104       0xe0 disk/disk-uclass.o
                0x00000000000a3104                part_create_block_devices
 .text.dev_read
                0x00000000000a31e4       0xec disk/disk-uclass.o
                0x00000000000a31e4                dev_read
 .text.dev_write
                0x00000000000a32d0       0x88 disk/disk-uclass.o
                0x00000000000a32d0                dev_write
 .text.test_block_type
                0x00000000000a3358       0xc8 disk/part_dos.o
 .text.part_test_dos
                0x00000000000a3420       0x88 disk/part_dos.o
 .text.part_get_info_extended
                0x00000000000a34a8      0x270 disk/part_dos.o
 .text.part_get_info_dos
                0x00000000000a3718       0x1c disk/part_dos.o
 .text.print_partition_extended
                0x00000000000a3734      0x238 disk/part_dos.o
 .text.part_print_dos
                0x00000000000a396c       0x3c disk/part_dos.o
 .text.iso_dread
                0x00000000000a39a8       0x48 disk/part_iso.o
                0x00000000000a39a8                iso_dread
 .text.part_get_info_iso_verb
                0x00000000000a39f0      0x360 disk/part_iso.o
                0x00000000000a39f0                part_get_info_iso_verb
 .text.part_test_iso
                0x00000000000a3d50       0x20 disk/part_iso.o